No.	Atomic	elctron		charge
1	1	  0.871666	+0.128334
2	6	  5.947401	+0.052599
3	7	  7.180643	-0.180643
